C51 COMPILER V9.60.7.0   STC15F2K60S2_IO_SEQUENCE                                          04/20/2026 18:10:45 PAGE 1   


C51 COMPILER V9.60.7.0, COMPILATION OF MODULE STC15F2K60S2_IO_SEQUENCE
OBJECT MODULE PLACED IN C:\Users\ILS\Desktop\Reverse-engineering-TC11P-master\4. IO tests\4.8. Zoomer test (not yet working)\stc15f2k60s2_io_sequence.OBJ
COMPILER INVOKED BY: C:\Keil_v5\C51\BIN\C51.EXE C:\Users\ILS\Desktop\Reverse-engineering-TC11P-master\4. IO tests\4.8. Z
                    -oomer test (not yet working)\stc15f2k60s2_io_sequence.c OBJECTEXTEND DEBUG

line level    source

   1          #include <REG51.H>
   2          
   3          /* Keil C51 declarations for STC15 extended port and output bits. */
   4          sfr P4 = 0xC0;
   5          sbit OUTPUT1 = P3^5;  /* P3.5, LQFP-44 pin 6  */
   6          sbit OUTPUT2 = P2^6;  /* P2.6, LQFP-44 pin 7  */
   7          
   8          /*
   9           * STC15F2K60S2 (LQFP-44)
  10           * Physical package pin mapping used here:
  11           *   - Pin 6  -> P3.5 (Output 1)
  12           *   - Pin 7  -> P2.6 (Output 2)
  13           *
  14           * Sequence in loop:
  15           * 1) Output 1 HIGH (steady),     wait 10 s
  16           * 2) Output 2 HIGH (steady),     wait 10 s
  17           * 4) Output 1 LOW  (steady),     wait 10 s
  18           * 5) Output 2 LOW  (steady),     wait 10 s
  19           */
  20          
  21          /*
  22           * Approximate 1 ms delay for ~11.0592 MHz 8051 clock.
  23           * If your clock differs, adjust the loop constants.
  24           */
  25          static void delay_ms(unsigned int ms)
  26          {
  27   1          unsigned int i;
  28   1          unsigned char j;
  29   1      
  30   1          while (ms--)
  31   1          {
  32   2              i = 2;
  33   2              j = 199;
  34   2              do
  35   2              {
  36   3                  while (--j);
  37   3              }
  38   2              while (--i);
  39   2          }
  40   1      }
  41          
  42          static void delay_10s(void)
  43          {
  44   1          unsigned char count;
  45   1      
  46   1          for (count = 0; count < 10; count++)
  47   1          {
  48   2              delay_ms(1000);
  49   2          }
  50   1      }
  51          
  52          void main(void)
  53          {
  54   1          OUTPUT1 = 0;
C51 COMPILER V9.60.7.0   STC15F2K60S2_IO_SEQUENCE                                          04/20/2026 18:10:45 PAGE 2   

  55   1          OUTPUT2 = 0;
  56   1      
  57   1          while (1)
  58   1          {
  59   2              OUTPUT1 = 1;
  60   2              delay_10s();
  61   2      
  62   2              OUTPUT2 = 1;
  63   2              delay_10s();
  64   2      
  65   2              OUTPUT1 = 0;
  66   2              delay_10s();
  67   2      
  68   2              OUTPUT2 = 0;
  69   2              delay_10s();
  70   2          }
  71   1      }


MODULE INFORMATION:   STATIC OVERLAYABLE
   CODE SIZE        =     70    ----
   CONSTANT SIZE    =   ----    ----
   XDATA SIZE       =   ----    ----
   PDATA SIZE       =   ----    ----
   DATA SIZE        =   ----    ----
   IDATA SIZE       =   ----    ----
   BIT SIZE         =   ----    ----
END OF MODULE INFORMATION.


C51 COMPILATION COMPLETE.  0 WARNING(S),  0 ERROR(S)
