BL51 BANKED LINKER/LOCATER V6.22.4.0                                                    04/20/2026  18:10:45  PAGE 1


BL51 BANKED LINKER/LOCATER V6.22.4.0, INVOKED BY:
C:\KEIL_V5\C51\BIN\BL51.EXE STC15F2K60S2_IO_SEQUENCE.OBJ TO STC15F2K60S2_IO_SEQUENCE


MEMORY MODEL: SMALL


INPUT MODULES INCLUDED:
  STC15F2K60S2_IO_SEQUENCE.OBJ (STC15F2K60S2_IO_SEQUENCE)
  C:\KEIL_V5\C51\LIB\C51S.LIB (?C_STARTUP)


LINK MAP OF MODULE:  STC15F2K60S2_IO_SEQUENCE (STC15F2K60S2_IO_SEQUENCE)


            TYPE    BASE      LENGTH    RELOCATION   SEGMENT NAME
            -----------------------------------------------------

            * * * * * * *   D A T A   M E M O R Y   * * * * * * *
            REG     0000H     0008H     ABSOLUTE     "REG BANK 0"
            IDATA   0008H     0001H     UNIT         ?STACK

            * * * * * * *   C O D E   M E M O R Y   * * * * * * *
            CODE    0000H     0003H     ABSOLUTE     
                    0003H     07FDH                  *** GAP ***
            CODE    0800H     001EH     UNIT         ?PR?_DELAY_MS?STC15F2K60S2_IO_SEQUENCE
            CODE    081EH     001AH     UNIT         ?PR?MAIN?STC15F2K60S2_IO_SEQUENCE
            CODE    0838H     000EH     UNIT         ?PR?DELAY_10S?STC15F2K60S2_IO_SEQUENCE
            CODE    0846H     000CH     UNIT         ?C_C51STARTUP



OVERLAY MAP OF MODULE:   STC15F2K60S2_IO_SEQUENCE (STC15F2K60S2_IO_SEQUENCE)


SEGMENT
  +--> CALLED SEGMENT
---------------------
?C_C51STARTUP
  +--> ?PR?MAIN?STC15F2K60S2_IO_SEQUENCE

?PR?MAIN?STC15F2K60S2_IO_SEQUENCE
  +--> ?PR?DELAY_10S?STC15F2K60S2_IO_SEQUENCE

?PR?DELAY_10S?STC15F2K60S2_IO_SEQUENCE
  +--> ?PR?_DELAY_MS?STC15F2K60S2_IO_SEQUENCE



SYMBOL TABLE OF MODULE:  STC15F2K60S2_IO_SEQUENCE (STC15F2K60S2_IO_SEQUENCE)

  VALUE           TYPE          NAME
  ----------------------------------

  -------         MODULE        STC15F2K60S2_IO_SEQUENCE
  C:0000H         SYMBOL        _ICE_DUMMY_
  D:00A0H         PUBLIC        P2
  D:00B0H         PUBLIC        P3
BL51 BANKED LINKER/LOCATER V6.22.4.0                                                  04/20/2026  18:10:45  PAGE 2


  B:00B0H.5       PUBLIC        OUTPUT1
  B:00A0H.6       PUBLIC        OUTPUT2
  C:081EH         PUBLIC        main
  C:0838H         SYMBOL        delay_10s
  C:0800H         SYMBOL        _delay_ms
  -------         PROC          _DELAY_MS
  D:0006H         SYMBOL        ms
  -------         DO            
  D:0004H         SYMBOL        i
  D:0003H         SYMBOL        j
  -------         ENDDO         
  C:0800H         LINE#         25
  C:0800H         LINE#         26
  C:0800H         LINE#         30
  C:080AH         LINE#         31
  C:080AH         LINE#         32
  C:080EH         LINE#         33
  C:0810H         LINE#         35
  C:0810H         LINE#         36
  C:0812H         LINE#         37
  C:0812H         LINE#         38
  C:081BH         LINE#         39
  C:081DH         LINE#         40
  -------         ENDPROC       _DELAY_MS
  -------         PROC          DELAY_10S
  -------         DO            
  D:0002H         SYMBOL        count
  -------         ENDDO         
  C:0838H         LINE#         42
  C:0838H         LINE#         43
  C:0838H         LINE#         46
  C:083AH         LINE#         47
  C:083AH         LINE#         48
  C:0841H         LINE#         49
  C:0845H         LINE#         50
  -------         ENDPROC       DELAY_10S
  -------         PROC          MAIN
  C:081EH         LINE#         52
  C:081EH         LINE#         53
  C:081EH         LINE#         54
  C:0820H         LINE#         55
  C:0822H         LINE#         57
  C:0822H         LINE#         58
  C:0822H         LINE#         59
  C:0824H         LINE#         60
  C:0827H         LINE#         62
  C:0829H         LINE#         63
  C:082CH         LINE#         65
  C:082EH         LINE#         66
  C:0831H         LINE#         68
  C:0833H         LINE#         69
  C:0836H         LINE#         70
  -------         ENDPROC       MAIN
  -------         ENDMOD        STC15F2K60S2_IO_SEQUENCE

******************************************************************************
* RESTRICTED VERSION WITH 0800H BYTE CODE SIZE LIMIT; USED: 0046H BYTE ( 3%) *
BL51 BANKED LINKER/LOCATER V6.22.4.0                                                  04/20/2026  18:10:45  PAGE 3


******************************************************************************

Program Size: data=9.0 xdata=0 code=85
LINK/LOCATE RUN COMPLETE.  0 WARNING(S),  0 ERROR(S)
